npm error A complete log of this run can be found in: C:\Users\jona7\AppData\Local\npm-cache\_logs\2026-02-20T03_14_55_957Z-debug-0.log
